// Jest Snapshot v1, https://goo.gl/fbAQLP

exports[`contentView renders correctly 1`] = `
<View
  style={
    Object {
      "backgroundColor": "#fff",
      "borderBottomWidth": 0.5,
      "borderColor": "#ccc",
      "borderLeftWidth": 0.5,
      "borderRadius": 2,
      "borderRightWidth": 0.5,
      "borderTopWidth": 0.5,
      "elevation": 3,
      "flexWrap": "nowrap",
      "marginBottom": 5,
      "marginLeft": 2,
      "marginRight": 2,
      "marginTop": 5,
      "shadowColor": "#000",
      "shadowOffset": Object {
        "height": 2,
        "width": 0,
      },
      "shadowOpacity": 0.1,
      "shadowRadius": 1.5,
    }
  }
>
  <View
    header={true}
    style={
      Array [
        Object {
          "alignItems": "center",
          "backgroundColor": "#fff",
          "borderBottomWidth": null,
          "borderRadius": 2,
          "flexDirection": "row",
          "paddingBottom": 15,
          "paddingLeft": 15,
          "paddingRight": 15,
          "paddingTop": 15,
        },
        Object {
          "backgroundColor": "#d1d8e0",
        },
      ]
    }
  >
    <Text
      allowFontScaling={false}
      style={
        Array [
          Object {
            "color": undefined,
            "fontSize": 12,
          },
          Array [
            Object {
              "color": "#000",
              "fontSize": 30,
            },
            Object {
              "color": "#000",
              "fontSize": 28,
              "width": 35,
            },
            Object {
              "color": "#4b7bec",
            },
          ],
          Object {
            "fontFamily": "Material Design Icons",
            "fontStyle": "normal",
            "fontWeight": "normal",
          },
          Object {},
        ]
      }
      type="MaterialCommunityIcons"
    >
      ï‡®
    </Text>
    <Text
      style={
        Object {
          "color": "#000000BC",
          "fontFamily": undefined,
          "fontSize": 27.546799160701053,
          "fontWeight": "500",
        }
      }
    >
      Content
    </Text>
  </View>
  <View
    style={
      Array [
        Object {
          "alignItems": "center",
          "backgroundColor": "#fff",
          "borderRadius": 2,
          "flexDirection": "row",
          "paddingBottom": 10,
          "paddingLeft": 15,
          "paddingRight": 15,
          "paddingTop": 10,
        },
        Object {
          "justifyContent": "center",
        },
      ]
    }
  >
    <Text
      style={
        Object {
          "color": "#000000BC",
          "fontFamily": undefined,
          "fontSize": 27.546799160701053,
          "fontWeight": "500",
        }
      }
    >
      Click on mails above to view the content
    </Text>
  </View>
</View>
`;
